// Jest Snapshot v1, https://goo.gl/fbAQLP

exports[`Testing the inventory screen Create a snapshot of the screen 1`] = `
<RCTSafeAreaView
  style={
    {
      "flex": 1,
    }
  }
>
  <RCTScrollView
    style={
      {
        "flex": 1,
      }
    }
  >
    <View>
      <View
        style={
          [
            {
              "paddingBottom": 80,
              "paddingHorizontal": 24,
              "paddingTop": 80,
            },
          ]
        }
      >
        <View
          style={
            [
              {
                "marginBottom": 24,
              },
            ]
          }
        >
          <Text
            style={
              [
                {
                  "color": "#DDDDDD",
                  "marginBottom": 8,
                },
              ]
            }
          >
            Name
          </Text>
          <View
            style={
              [
                {
                  "alignItems": "center",
                  "backgroundColor": "#0A0A0A",
                  "borderColor": "#B0B0B0",
                  "borderRadius": 6,
                  "borderWidth": 1,
                  "flexDirection": "row",
                  "height": 50,
                  "paddingHorizontal": 16,
                },
              ]
            }
          >
            <TextInput
              autoCapitalize="sentences"
              autoCorrect={false}
              onChangeText={[Function]}
              placeholder="Enter item name"
              placeholderTextColor="#B0B0B0"
              style={
                {
                  "color": "#DDDDDD",
                  "flex": 1,
                  "height": "100%",
                }
              }
              value=""
            />
          </View>
        </View>
        <View
          style={
            [
              {
                "marginBottom": 24,
              },
            ]
          }
        >
          <Text
            style={
              [
                {
                  "color": "#DDDDDD",
                  "marginBottom": 8,
                },
              ]
            }
          >
            Description
          </Text>
          <View
            style={
              [
                {
                  "alignItems": "center",
                  "backgroundColor": "#0A0A0A",
                  "borderColor": "#B0B0B0",
                  "borderRadius": 6,
                  "borderWidth": 1,
                  "flexDirection": "row",
                  "height": 50,
                  "paddingHorizontal": 16,
                },
              ]
            }
          >
            <TextInput
              autoCapitalize="sentences"
              autoCorrect={false}
              onChangeText={[Function]}
              placeholder="Enter item description"
              placeholderTextColor="#B0B0B0"
              style={
                {
                  "color": "#DDDDDD",
                  "flex": 1,
                  "height": "100%",
                }
              }
              value=""
            />
          </View>
        </View>
        <View
          style={
            [
              {
                "marginBottom": 24,
              },
            ]
          }
        >
          <Text
            style={
              [
                {
                  "color": "#DDDDDD",
                  "marginBottom": 8,
                },
              ]
            }
          >
            Price
          </Text>
          <View
            style={
              [
                {
                  "alignItems": "center",
                  "backgroundColor": "#0A0A0A",
                  "borderColor": "#B0B0B0",
                  "borderRadius": 6,
                  "borderWidth": 1,
                  "flexDirection": "row",
                  "height": 50,
                  "paddingHorizontal": 16,
                },
              ]
            }
          >
            <TextInput
              autoCapitalize="sentences"
              autoCorrect={false}
              keyboardType="number-pad"
              onChangeText={[Function]}
              placeholder="Enter item price"
              placeholderTextColor="#B0B0B0"
              style={
                {
                  "color": "#DDDDDD",
                  "flex": 1,
                  "height": "100%",
                }
              }
              value="0"
            />
          </View>
        </View>
        <View
          style={
            [
              {
                "marginBottom": 24,
              },
            ]
          }
        >
          <Text
            style={
              [
                {
                  "color": "#DDDDDD",
                  "marginBottom": 8,
                },
              ]
            }
          >
            Stock
          </Text>
          <View
            style={
              [
                {
                  "alignItems": "center",
                  "backgroundColor": "#0A0A0A",
                  "borderColor": "#B0B0B0",
                  "borderRadius": 6,
                  "borderWidth": 1,
                  "flexDirection": "row",
                  "height": 50,
                  "paddingHorizontal": 16,
                },
              ]
            }
          >
            <TextInput
              autoCapitalize="sentences"
              autoCorrect={false}
              keyboardType="number-pad"
              onChangeText={[Function]}
              placeholder="Enter item stock"
              placeholderTextColor="#B0B0B0"
              style={
                {
                  "color": "#DDDDDD",
                  "flex": 1,
                  "height": "100%",
                }
              }
              value="0"
            />
          </View>
        </View>
        <View
          style={
            [
              {
                "marginBottom": 24,
              },
            ]
          }
        >
          <View
            style={
              [
                {
                  "width": "100%",
                },
              ]
            }
          >
            <View
              accessibilityState={
                {
                  "busy": undefined,
                  "checked": undefined,
                  "disabled": undefined,
                  "expanded": undefined,
                  "selected": undefined,
                }
              }
              accessibilityValue={
                {
                  "max": undefined,
                  "min": undefined,
                  "now": undefined,
                  "text": undefined,
                }
              }
              accessible={true}
              collapsable={false}
              focusable={true}
              onClick={[Function]}
              onResponderGrant={[Function]}
              onResponderMove={[Function]}
              onResponderRelease={[Function]}
              onResponderTerminate={[Function]}
              onResponderTerminationRequest={[Function]}
              onStartShouldSetResponder={[Function]}
              style={
                {
                  "opacity": 1,
                }
              }
            >
              <View
                style={
                  [
                    {
                      "alignItems": "center",
                      "backgroundColor": "#6294CD",
                      "borderRadius": 6,
                      "flexDirection": "row",
                      "height": 50,
                      "justifyContent": "center",
                      "paddingHorizontal": 24,
                    },
                    {},
                  ]
                }
              >
                <Text
                  style={
                    [
                      {
                        "color": "#ffffff",
                        "fontSize": 16,
                        "fontWeight": "600",
                      },
                    ]
                  }
                >
                  Add Item
                </Text>
              </View>
            </View>
          </View>
        </View>
      </View>
    </View>
  </RCTScrollView>
  <Modal
    animationType="none"
    deviceHeight={null}
    deviceWidth={null}
    hardwareAccelerated={false}
    hideModalContentWhileAnimating={false}
    onBackdropPress={[Function]}
    onModalHide={[Function]}
    onModalWillHide={[Function]}
    onModalWillShow={[Function]}
    onRequestClose={[Function]}
    panResponderThreshold={4}
    scrollHorizontal={false}
    scrollOffset={0}
    scrollOffsetMax={0}
    scrollTo={null}
    statusBarTranslucent={false}
    supportedOrientations={
      [
        "portrait",
        "landscape",
      ]
    }
    swipeThreshold={100}
    testID="confirmation-modal"
    transparent={true}
    visible={false}
  />
</RCTSafeAreaView>
`;
